21:26:06 **** Incremental Build of configuration Debug for project DSP ****
make pre-build main-build 
a9-linaro-pre-build-step
 
Building file: ../src/helloworld.c
Invoking: ARM v7 gcc compiler
arm-none-eabi-gcc -Wall -O0 -g3 -I../../DSP_bsp/ps7_cortexa9_0/include -I"C:\Users\maysh\Desktop\project_final" -c -fmessage-length=0 -MT"src/helloworld.o" -mcpu=cortex-a9 -mfpu=vfpv3 -mfloat-abi=hard -MMD -MP -MF"src/helloworld.d" -MT"src/helloworld.o" -o "src/helloworld.o" "../src/helloworld.c"
Finished building: ../src/helloworld.c
 
Building target: DSP.elf
Invoking: ARM v7 gcc linker
arm-none-eabi-gcc -mcpu=cortex-a9 -mfpu=vfpv3 -mfloat-abi=hard -Wl,-build-id=none -specs=Xilinx.spec -Wl,-T -Wl,../src/lscript.ld -L../../DSP_bsp/ps7_cortexa9_0/lib -o "DSP.elf"  ./src/helloworld.o ./src/platform.o   -Wl,--start-group,-lxil,-lgcc,-lc,--end-group
Finished building target: DSP.elf
 
Invoking: ARM v7 Print Size
arm-none-eabi-size DSP.elf  |tee "DSP.elf.size"
   text	   data	    bss	    dec	    hex	filename
  33340	 264080	  22664	 320084	  4e254	DSP.elf
Finished building: DSP.elf.size
 

21:26:08 Build Finished (took 2s.812ms)

